13:03:57 **** Incremental Build of configuration Debug for project Stopwatch ****
make pre-build main-build 
a9-linaro-pre-build-step
' '
make: Nothing to be done for `main-build'.

13:03:58 Build Finished (took 370ms)

13:03:58 **** Incremental Build of configuration Release for project Stopwatch ****
make pre-build main-build 
a9-linaro-pre-build-step
' '
'Building file: ../stopwatch.c'
'Invoking: ARM v7 gcc compiler'
arm-none-eabi-gcc -Wall -O2 -c -fmessage-length=0 -MT"stopwatch.o" -mcpu=cortex-a9 -mfpu=vfpv3 -mfloat-abi=hard -I../../Stopwatch_bsp/ps7_cortexa9_0/include -MMD -MP -MF"stopwatch.d" -MT"stopwatch.o" -o "stopwatch.o" "../stopwatch.c"
'Finished building: ../stopwatch.c'
' '
'Building target: Stopwatch.elf'
'Invoking: ARM v7 gcc linker'
arm-none-eabi-gcc -mcpu=cortex-a9 -mfpu=vfpv3 -mfloat-abi=hard -Wl,-build-id=none -specs=Xilinx.spec -Wl,-T -Wl,../src/lscript.ld -L../../Stopwatch_bsp/ps7_cortexa9_0/lib -o "Stopwatch.elf"  ./stopwatch.o   -Wl,--start-group,-lxil,-lgcc,-lc,--end-group
'Finished building target: Stopwatch.elf'
' '
'Invoking: ARM v7 Print Size'
arm-none-eabi-size Stopwatch.elf  |tee "Stopwatch.elf.size"
   text	   data	    bss	    dec	    hex	filename
  19272	   1148	  22568	  42988	   a7ec	Stopwatch.elf
'Finished building: Stopwatch.elf.size'
' '
13:04:03 **** Incremental Build of configuration Debug for project Stopwatch ****
make pre-build main-build 
a9-linaro-pre-build-step
' '
make: Nothing to be done for `main-build'.
